2025-07-02 12:22:42,297 - INFO - === NEPSE Stock Map Updater ===
2025-07-02 12:22:42,297 - INFO - API URL: http://localhost:8000
2025-07-02 12:22:42,302 - INFO - Target file: stockmap.json
2025-07-02 12:22:42,302 - DEBUG - load_ssl_context verify=True cert=None trust_env=True http2=False
2025-07-02 12:22:42,302 - DEBUG - load_verify_locations cafile='C:\\Users\\Admin\\Desktop\\Work\\NepseAPI\\venv\\Lib\\site-packages\\certifi\\cacert.pem'
2025-07-02 12:22:42,418 - INFO - Checking API server health...
2025-07-02 12:22:42,426 - DEBUG - connect_tcp.started host='localhost' port=8000 local_address=None timeout=30.0 socket_options=None
2025-07-02 12:22:42,689 - DEBUG - connect_tcp.complete return_value=<httpcore._backends.anyio.AnyIOStream object at 0x0000022D85C1F440>
2025-07-02 12:22:42,689 - DEBUG - send_request_headers.started request=<Request [b'GET']>
2025-07-02 12:22:42,689 - DEBUG - send_request_headers.complete
2025-07-02 12:22:42,689 - DEBUG - send_request_body.started request=<Request [b'GET']>
2025-07-02 12:22:42,689 - DEBUG - send_request_body.complete
2025-07-02 12:22:42,689 - DEBUG - receive_response_headers.started request=<Request [b'GET']>
2025-07-02 12:22:42,697 - DEBUG - receive_response_headers.complete return_value=(b'HTTP/1.1', 200, b'OK', [(b'date', b'Wed, 02 Jul 2025 06:37:41 GMT'), (b'server', b'uvicorn'), (b'content-length', b'20'), (b'content-type', b'application/json')])
2025-07-02 12:22:42,697 - INFO - HTTP Request: GET http://localhost:8000/health "HTTP/1.1 200 OK"
2025-07-02 12:22:42,697 - DEBUG - receive_response_body.started request=<Request [b'GET']>
2025-07-02 12:22:42,699 - DEBUG - receive_response_body.complete
2025-07-02 12:22:42,699 - DEBUG - response_closed.started
2025-07-02 12:22:42,699 - DEBUG - response_closed.complete
2025-07-02 12:22:42,699 - INFO - Backup created: stockmap_backup_20250702_122242.json
2025-07-02 12:22:42,699 - INFO - Fetching security list...
2025-07-02 12:22:42,699 - DEBUG - send_request_headers.started request=<Request [b'GET']>
2025-07-02 12:22:42,699 - DEBUG - send_request_headers.complete
2025-07-02 12:22:42,699 - DEBUG - send_request_body.started request=<Request [b'GET']>
2025-07-02 12:22:42,699 - DEBUG - send_request_body.complete
2025-07-02 12:22:42,699 - DEBUG - receive_response_headers.started request=<Request [b'GET']>
2025-07-02 12:22:42,803 - DEBUG - receive_response_headers.complete return_value=(b'HTTP/1.1', 200, b'OK', [(b'date', b'Wed, 02 Jul 2025 06:37:41 GMT'), (b'server', b'uvicorn'), (b'access-control-allow-origin', b'*'), (b'content-length', b'79983'), (b'content-type', b'application/json')])
2025-07-02 12:22:42,803 - INFO - HTTP Request: GET http://localhost:8000/SecurityList "HTTP/1.1 200 OK"
2025-07-02 12:22:42,803 - DEBUG - receive_response_body.started request=<Request [b'GET']>
2025-07-02 12:22:42,803 - DEBUG - receive_response_body.complete
2025-07-02 12:22:42,803 - DEBUG - response_closed.started
2025-07-02 12:22:42,803 - DEBUG - response_closed.complete
2025-07-02 12:22:42,803 - INFO - Security data fetched: 521 items
2025-07-02 12:22:42,803 - INFO - Fetching sector data...
2025-07-02 12:22:42,808 - DEBUG - send_request_headers.started request=<Request [b'GET']>
2025-07-02 12:22:42,808 - DEBUG - send_request_headers.complete
2025-07-02 12:22:42,809 - DEBUG - send_request_body.started request=<Request [b'GET']>
2025-07-02 12:22:42,809 - DEBUG - send_request_body.complete
2025-07-02 12:22:42,809 - DEBUG - receive_response_headers.started request=<Request [b'GET']>
2025-07-02 12:22:42,945 - DEBUG - receive_response_headers.complete return_value=(b'HTTP/1.1', 200, b'OK', [(b'date', b'Wed, 02 Jul 2025 06:37:41 GMT'), (b'server', b'uvicorn'), (b'access-control-allow-origin', b'*'), (b'content-length', b'4367'), (b'content-type', b'application/json')])
2025-07-02 12:22:42,945 - INFO - HTTP Request: GET http://localhost:8000/SectorScrips "HTTP/1.1 200 OK"
2025-07-02 12:22:42,945 - DEBUG - receive_response_body.started request=<Request [b'GET']>
2025-07-02 12:22:42,945 - DEBUG - receive_response_body.complete
2025-07-02 12:22:42,945 - DEBUG - response_closed.started
2025-07-02 12:22:42,945 - DEBUG - response_closed.complete
2025-07-02 12:22:42,945 - INFO - Sector data fetched: 14 sectors
2025-07-02 12:22:42,945 - INFO - Processing data...
2025-07-02 12:22:42,945 - INFO - Created symbol-sector map with 521 entries
2025-07-02 12:22:42,945 - INFO - Created stock map with 491 entries
2025-07-02 12:22:42,945 - INFO - Saving stock map...
2025-07-02 12:22:42,953 - INFO - Stock map saved successfully to stockmap.json
2025-07-02 12:22:42,955 - INFO - Stock map update completed successfully!
2025-07-02 12:22:42,955 - INFO - Update completed successfully!
2025-07-02 12:22:42,955 - DEBUG - close.started
2025-07-02 12:22:42,955 - DEBUG - close.complete
2025-07-02 12:23:42,270 - INFO - === NEPSE Stock Map Updater ===
2025-07-02 12:23:42,270 - INFO - API URL: http://localhost:8000
2025-07-02 12:23:42,270 - INFO - Target file: stockmap.json
2025-07-02 12:23:42,270 - DEBUG - load_ssl_context verify=True cert=None trust_env=True http2=False
2025-07-02 12:23:42,270 - DEBUG - load_verify_locations cafile='C:\\Users\\Admin\\Desktop\\Work\\NepseAPI\\venv\\Lib\\site-packages\\certifi\\cacert.pem'
2025-07-02 12:23:42,397 - INFO - Checking API server health...
2025-07-02 12:23:42,401 - DEBUG - connect_tcp.started host='localhost' port=8000 local_address=None timeout=30.0 socket_options=None
2025-07-02 12:23:42,658 - DEBUG - connect_tcp.complete return_value=<httpcore._backends.anyio.AnyIOStream object at 0x0000027278E34560>
2025-07-02 12:23:42,658 - DEBUG - send_request_headers.started request=<Request [b'GET']>
2025-07-02 12:23:42,658 - DEBUG - send_request_headers.complete
2025-07-02 12:23:42,658 - DEBUG - send_request_body.started request=<Request [b'GET']>
2025-07-02 12:23:42,658 - DEBUG - send_request_body.complete
2025-07-02 12:23:42,658 - DEBUG - receive_response_headers.started request=<Request [b'GET']>
2025-07-02 12:23:42,658 - DEBUG - receive_response_headers.complete return_value=(b'HTTP/1.1', 200, b'OK', [(b'date', b'Wed, 02 Jul 2025 06:38:42 GMT'), (b'server', b'uvicorn'), (b'content-length', b'20'), (b'content-type', b'application/json')])
2025-07-02 12:23:42,658 - INFO - HTTP Request: GET http://localhost:8000/health "HTTP/1.1 200 OK"
2025-07-02 12:23:42,658 - DEBUG - receive_response_body.started request=<Request [b'GET']>
2025-07-02 12:23:42,666 - DEBUG - receive_response_body.complete
2025-07-02 12:23:42,666 - DEBUG - response_closed.started
2025-07-02 12:23:42,666 - DEBUG - response_closed.complete
2025-07-02 12:23:42,668 - INFO - Backup created: stockmap_backup_20250702_122342.json
2025-07-02 12:23:42,668 - INFO - Fetching security list...
2025-07-02 12:23:42,669 - DEBUG - send_request_headers.started request=<Request [b'GET']>
2025-07-02 12:23:42,669 - DEBUG - send_request_headers.complete
2025-07-02 12:23:42,669 - DEBUG - send_request_body.started request=<Request [b'GET']>
2025-07-02 12:23:42,669 - DEBUG - send_request_body.complete
2025-07-02 12:23:42,669 - DEBUG - receive_response_headers.started request=<Request [b'GET']>
2025-07-02 12:23:42,791 - DEBUG - receive_response_headers.complete return_value=(b'HTTP/1.1', 200, b'OK', [(b'date', b'Wed, 02 Jul 2025 06:38:42 GMT'), (b'server', b'uvicorn'), (b'access-control-allow-origin', b'*'), (b'content-length', b'79983'), (b'content-type', b'application/json')])
2025-07-02 12:23:42,791 - INFO - HTTP Request: GET http://localhost:8000/SecurityList "HTTP/1.1 200 OK"
2025-07-02 12:23:42,791 - DEBUG - receive_response_body.started request=<Request [b'GET']>
2025-07-02 12:23:42,797 - DEBUG - receive_response_body.complete
2025-07-02 12:23:42,797 - DEBUG - response_closed.started
2025-07-02 12:23:42,797 - DEBUG - response_closed.complete
2025-07-02 12:23:42,797 - INFO - Security data fetched: 521 items
2025-07-02 12:23:42,797 - INFO - Fetching sector data...
2025-07-02 12:23:42,800 - DEBUG - send_request_headers.started request=<Request [b'GET']>
2025-07-02 12:23:42,800 - DEBUG - send_request_headers.complete
2025-07-02 12:23:42,800 - DEBUG - send_request_body.started request=<Request [b'GET']>
2025-07-02 12:23:42,800 - DEBUG - send_request_body.complete
2025-07-02 12:23:42,800 - DEBUG - receive_response_headers.started request=<Request [b'GET']>
2025-07-02 12:23:42,800 - DEBUG - receive_response_headers.complete return_value=(b'HTTP/1.1', 200, b'OK', [(b'date', b'Wed, 02 Jul 2025 06:38:42 GMT'), (b'server', b'uvicorn'), (b'access-control-allow-origin', b'*'), (b'content-length', b'4367'), (b'content-type', b'application/json')])
2025-07-02 12:23:42,800 - INFO - HTTP Request: GET http://localhost:8000/SectorScrips "HTTP/1.1 200 OK"
2025-07-02 12:23:42,802 - DEBUG - receive_response_body.started request=<Request [b'GET']>
2025-07-02 12:23:42,802 - DEBUG - receive_response_body.complete
2025-07-02 12:23:42,802 - DEBUG - response_closed.started
2025-07-02 12:23:42,802 - DEBUG - response_closed.complete
2025-07-02 12:23:42,802 - INFO - Sector data fetched: 14 sectors
2025-07-02 12:23:42,802 - INFO - Processing data...
2025-07-02 12:23:42,803 - INFO - Created symbol-sector map with 521 entries
2025-07-02 12:23:42,803 - INFO - Created stock map with 491 entries
2025-07-02 12:23:42,803 - INFO - Saving stock map...
2025-07-02 12:23:42,805 - INFO - Stock map saved successfully to stockmap.json
2025-07-02 12:23:42,806 - INFO - Stock map update completed successfully!
2025-07-02 12:23:42,806 - INFO - Update completed successfully!
2025-07-02 12:23:42,806 - DEBUG - close.started
2025-07-02 12:23:42,806 - DEBUG - close.complete
2026-09-20 19:38:22,521 - INFO - === NEPSE Stock Map Updater ===
2026-09-20 19:38:22,521 - INFO - API URL: http://localhost:8000
2026-09-20 19:38:22,521 - INFO - Target file: stockmap.json
2026-09-20 19:38:22,570 - INFO - Checking API server health...
2026-09-20 19:38:22,595 - INFO - HTTP Request: GET http://localhost:8000/health "HTTP/1.1 200 OK"
2026-09-20 19:38:22,595 - INFO - Fetching security list...
2026-09-20 19:38:26,084 - INFO - HTTP Request: GET http://localhost:8000/SecurityList "HTTP/1.1 200 OK"
2026-09-20 19:38:26,086 - INFO - Security data fetched: 567 items
2026-09-20 19:38:26,086 - INFO - Fetching sector data...
2026-09-20 19:38:29,087 - INFO - HTTP Request: GET http://localhost:8000/SectorScrips "HTTP/1.1 200 OK"
2026-09-20 19:38:29,087 - INFO - Sector data fetched: 14 sectors
2026-09-20 19:38:29,087 - INFO - Processing data...
2026-09-20 19:38:29,088 - INFO - Created symbol-sector map with 567 entries
2026-09-20 19:38:29,088 - INFO - Created stock map with 540 entries
2026-09-20 19:38:29,088 - INFO - Saving stock map...
2026-09-20 19:38:29,090 - INFO - Stock map saved successfully to stockmap.json
2026-09-20 19:38:29,090 - INFO - Stock map update completed successfully!
2026-09-20 19:38:29,091 - INFO - Update completed successfully!
2026-09-21 00:11:15,596 - INFO - === NEPSE Stock Map Updater ===
2026-09-21 00:11:15,597 - INFO - API URL: http://localhost:8000
2026-09-21 00:11:15,597 - INFO - Target file: stockmap.json
2026-09-21 00:11:15,641 - INFO - Checking API server health...
2026-09-21 00:11:15,663 - INFO - HTTP Request: GET http://localhost:8000/health "HTTP/1.1 200 OK"
2026-09-21 00:11:15,664 - INFO - Fetching security list...
2026-09-21 00:11:19,235 - INFO - HTTP Request: GET http://localhost:8000/SecurityList "HTTP/1.1 200 OK"
2026-09-21 00:11:19,236 - INFO - Security data fetched: 567 items
2026-09-21 00:11:19,236 - INFO - Fetching sector data...
2026-09-21 00:11:21,970 - INFO - HTTP Request: GET http://localhost:8000/SectorScrips "HTTP/1.1 200 OK"
2026-09-21 00:11:21,971 - INFO - Sector data fetched: 14 sectors
2026-09-21 00:11:21,971 - INFO - Processing data...
2026-09-21 00:11:21,971 - INFO - Created symbol-sector map with 567 entries
2026-09-21 00:11:21,972 - INFO - Created stock map with 540 entries
2026-09-21 00:11:21,972 - INFO - Saving stock map...
2026-09-21 00:11:21,988 - INFO - Stock map saved successfully to stockmap.json
2026-09-21 00:11:21,988 - INFO - Stock map update completed successfully!
2026-09-21 00:11:21,988 - INFO - Update completed successfully!
2026-09-21 12:04:20,269 - INFO - === NEPSE Stock Map Updater ===
2026-09-21 12:04:20,269 - INFO - API URL: http://localhost:8000
2026-09-21 12:04:20,269 - INFO - Target file: stockmap.json
2026-09-21 12:04:20,320 - INFO - Checking API server health...
2026-09-21 12:04:20,349 - INFO - HTTP Request: GET http://localhost:8000/health "HTTP/1.1 200 OK"
2026-09-21 12:04:20,349 - INFO - Fetching security list...
2026-09-21 12:04:23,802 - INFO - HTTP Request: GET http://localhost:8000/SecurityList "HTTP/1.1 200 OK"
2026-09-21 12:04:23,803 - INFO - Security data fetched: 567 items
2026-09-21 12:04:23,804 - INFO - Fetching sector data...
2026-09-21 12:04:26,942 - INFO - HTTP Request: GET http://localhost:8000/SectorScrips "HTTP/1.1 200 OK"
2026-09-21 12:04:26,943 - INFO - Sector data fetched: 14 sectors
2026-09-21 12:04:26,943 - INFO - Processing data...
2026-09-21 12:04:26,943 - INFO - Created symbol-sector map with 567 entries
2026-09-21 12:04:26,943 - INFO - Created stock map with 540 entries
2026-09-21 12:04:26,943 - INFO - Saving stock map...
2026-09-21 12:04:26,946 - INFO - Stock map saved successfully to stockmap.json
2026-09-21 12:04:26,946 - INFO - Stock map update completed successfully!
2026-09-21 12:04:26,946 - INFO - Update completed successfully!
2026-09-22 00:11:07,802 - INFO - === NEPSE Stock Map Updater ===
2026-09-22 00:11:07,802 - INFO - API URL: http://localhost:8000
2026-09-22 00:11:07,802 - INFO - Target file: stockmap.json
2026-09-22 00:11:07,853 - INFO - Checking API server health...
2026-09-22 00:11:07,880 - INFO - HTTP Request: GET http://localhost:8000/health "HTTP/1.1 200 OK"
2026-09-22 00:11:07,881 - INFO - Fetching security list...
2026-09-22 00:11:11,215 - INFO - HTTP Request: GET http://localhost:8000/SecurityList "HTTP/1.1 200 OK"
2026-09-22 00:11:11,217 - INFO - Security data fetched: 567 items
2026-09-22 00:11:11,217 - INFO - Fetching sector data...
2026-09-22 00:11:14,744 - INFO - HTTP Request: GET http://localhost:8000/SectorScrips "HTTP/1.1 200 OK"
2026-09-22 00:11:14,745 - INFO - Sector data fetched: 14 sectors
2026-09-22 00:11:14,745 - INFO - Processing data...
2026-09-22 00:11:14,745 - INFO - Created symbol-sector map with 567 entries
2026-09-22 00:11:14,745 - INFO - Created stock map with 540 entries
2026-09-22 00:11:14,745 - INFO - Saving stock map...
2026-09-22 00:11:14,748 - INFO - Stock map saved successfully to stockmap.json
2026-09-22 00:11:14,748 - INFO - Stock map update completed successfully!
2026-09-22 00:11:14,748 - INFO - Update completed successfully!
2026-09-22 12:04:20,317 - INFO - === NEPSE Stock Map Updater ===
2026-09-22 12:04:20,317 - INFO - API URL: http://localhost:8000
2026-09-22 12:04:20,317 - INFO - Target file: stockmap.json
2026-09-22 12:04:20,366 - INFO - Checking API server health...
2026-09-22 12:04:20,397 - INFO - HTTP Request: GET http://localhost:8000/health "HTTP/1.1 200 OK"
2026-09-22 12:04:20,398 - INFO - Fetching security list...
2026-09-22 12:04:23,597 - INFO - HTTP Request: GET http://localhost:8000/SecurityList "HTTP/1.1 200 OK"
2026-09-22 12:04:23,598 - INFO - Security data fetched: 567 items
2026-09-22 12:04:23,599 - INFO - Fetching sector data...
2026-09-22 12:04:26,968 - INFO - HTTP Request: GET http://localhost:8000/SectorScrips "HTTP/1.1 200 OK"
2026-09-22 12:04:26,969 - INFO - Sector data fetched: 14 sectors
2026-09-22 12:04:26,969 - INFO - Processing data...
2026-09-22 12:04:26,969 - INFO - Created symbol-sector map with 567 entries
2026-09-22 12:04:26,970 - INFO - Created stock map with 540 entries
2026-09-22 12:04:26,970 - INFO - Saving stock map...
2026-09-22 12:04:26,972 - INFO - Stock map saved successfully to stockmap.json
2026-09-22 12:04:26,972 - INFO - Stock map update completed successfully!
2026-09-22 12:04:26,972 - INFO - Update completed successfully!
2026-09-23 00:10:41,861 - INFO - === NEPSE Stock Map Updater ===
2026-09-23 00:10:41,862 - INFO - API URL: http://localhost:8000
2026-09-23 00:10:41,862 - INFO - Target file: stockmap.json
2026-09-23 00:10:41,910 - INFO - Checking API server health...
2026-09-23 00:10:41,935 - INFO - HTTP Request: GET http://localhost:8000/health "HTTP/1.1 200 OK"
2026-09-23 00:10:41,936 - INFO - Fetching security list...
2026-09-23 00:10:44,895 - INFO - HTTP Request: GET http://localhost:8000/SecurityList "HTTP/1.1 200 OK"
2026-09-23 00:10:44,896 - INFO - Security data fetched: 567 items
2026-09-23 00:10:44,897 - INFO - Fetching sector data...
2026-09-23 00:10:47,888 - INFO - HTTP Request: GET http://localhost:8000/SectorScrips "HTTP/1.1 200 OK"
2026-09-23 00:10:47,889 - INFO - Sector data fetched: 14 sectors
2026-09-23 00:10:47,889 - INFO - Processing data...
2026-09-23 00:10:47,889 - INFO - Created symbol-sector map with 567 entries
2026-09-23 00:10:47,889 - INFO - Created stock map with 540 entries
2026-09-23 00:10:47,890 - INFO - Saving stock map...
2026-09-23 00:10:47,892 - INFO - Stock map saved successfully to stockmap.json
2026-09-23 00:10:47,892 - INFO - Stock map update completed successfully!
2026-09-23 00:10:47,892 - INFO - Update completed successfully!
2026-09-23 12:04:54,724 - INFO - === NEPSE Stock Map Updater ===
2026-09-23 12:04:54,724 - INFO - API URL: http://localhost:8000
2026-09-23 12:04:54,724 - INFO - Target file: stockmap.json
2026-09-23 12:04:54,772 - INFO - Checking API server health...
2026-09-23 12:04:54,803 - INFO - HTTP Request: GET http://localhost:8000/health "HTTP/1.1 200 OK"
2026-09-23 12:04:54,804 - INFO - Fetching security list...
2026-09-23 12:04:58,111 - INFO - HTTP Request: GET http://localhost:8000/SecurityList "HTTP/1.1 200 OK"
2026-09-23 12:04:58,113 - INFO - Security data fetched: 568 items
2026-09-23 12:04:58,113 - INFO - Fetching sector data...
2026-09-23 12:05:01,660 - INFO - HTTP Request: GET http://localhost:8000/SectorScrips "HTTP/1.1 200 OK"
2026-09-23 12:05:01,660 - INFO - Sector data fetched: 14 sectors
2026-09-23 12:05:01,660 - INFO - Processing data...
2026-09-23 12:05:01,660 - INFO - Created symbol-sector map with 568 entries
2026-09-23 12:05:01,661 - INFO - Created stock map with 541 entries
2026-09-23 12:05:01,661 - INFO - Saving stock map...
2026-09-23 12:05:01,663 - INFO - Stock map saved successfully to stockmap.json
2026-09-23 12:05:01,663 - INFO - Stock map update completed successfully!
2026-09-23 12:05:01,663 - INFO - Update completed successfully!
2026-09-24 00:10:11,708 - INFO - === NEPSE Stock Map Updater ===
2026-09-24 00:10:11,708 - INFO - API URL: http://localhost:8000
2026-09-24 00:10:11,708 - INFO - Target file: stockmap.json
2026-09-24 00:10:11,745 - INFO - Checking API server health...
2026-09-24 00:10:11,764 - INFO - HTTP Request: GET http://localhost:8000/health "HTTP/1.1 200 OK"
2026-09-24 00:10:11,764 - INFO - Fetching security list...
2026-09-24 00:10:15,030 - INFO - HTTP Request: GET http://localhost:8000/SecurityList "HTTP/1.1 200 OK"
2026-09-24 00:10:15,032 - INFO - Security data fetched: 568 items
2026-09-24 00:10:15,032 - INFO - Fetching sector data...
2026-09-24 00:10:18,897 - INFO - HTTP Request: GET http://localhost:8000/SectorScrips "HTTP/1.1 200 OK"
2026-09-24 00:10:18,897 - INFO - Sector data fetched: 14 sectors
2026-09-24 00:10:18,897 - INFO - Processing data...
2026-09-24 00:10:18,897 - INFO - Created symbol-sector map with 568 entries
2026-09-24 00:10:18,898 - INFO - Created stock map with 541 entries
2026-09-24 00:10:18,898 - INFO - Saving stock map...
2026-09-24 00:10:18,900 - INFO - Stock map saved successfully to stockmap.json
2026-09-24 00:10:18,900 - INFO - Stock map update completed successfully!
2026-09-24 00:10:18,900 - INFO - Update completed successfully!
2026-09-24 12:04:34,343 - INFO - === NEPSE Stock Map Updater ===
2026-09-24 12:04:34,343 - INFO - API URL: http://localhost:8000
2026-09-24 12:04:34,343 - INFO - Target file: stockmap.json
2026-09-24 12:04:34,399 - INFO - Checking API server health...
2026-09-24 12:04:34,428 - INFO - HTTP Request: GET http://localhost:8000/health "HTTP/1.1 200 OK"
2026-09-24 12:04:34,429 - INFO - Fetching security list...
2026-09-24 12:04:37,642 - INFO - HTTP Request: GET http://localhost:8000/SecurityList "HTTP/1.1 200 OK"
2026-09-24 12:04:37,644 - INFO - Security data fetched: 568 items
2026-09-24 12:04:37,644 - INFO - Fetching sector data...
2026-09-24 12:04:41,232 - INFO - HTTP Request: GET http://localhost:8000/SectorScrips "HTTP/1.1 200 OK"
2026-09-24 12:04:41,233 - INFO - Sector data fetched: 14 sectors
2026-09-24 12:04:41,233 - INFO - Processing data...
2026-09-24 12:04:41,233 - INFO - Created symbol-sector map with 568 entries
2026-09-24 12:04:41,234 - INFO - Created stock map with 541 entries
2026-09-24 12:04:41,234 - INFO - Saving stock map...
2026-09-24 12:04:41,236 - INFO - Stock map saved successfully to stockmap.json
2026-09-24 12:04:41,236 - INFO - Stock map update completed successfully!
2026-09-24 12:04:41,236 - INFO - Update completed successfully!
2026-09-25 00:11:35,255 - INFO - === NEPSE Stock Map Updater ===
2026-09-25 00:11:35,255 - INFO - API URL: http://localhost:8000
2026-09-25 00:11:35,255 - INFO - Target file: stockmap.json
2026-09-25 00:11:35,291 - INFO - Checking API server health...
2026-09-25 00:11:35,310 - INFO - HTTP Request: GET http://localhost:8000/health "HTTP/1.1 200 OK"
2026-09-25 00:11:35,311 - INFO - Fetching security list...
2026-09-25 00:11:38,663 - INFO - HTTP Request: GET http://localhost:8000/SecurityList "HTTP/1.1 200 OK"
2026-09-25 00:11:38,665 - INFO - Security data fetched: 568 items
2026-09-25 00:11:38,665 - INFO - Fetching sector data...
2026-09-25 00:11:42,204 - INFO - HTTP Request: GET http://localhost:8000/SectorScrips "HTTP/1.1 200 OK"
2026-09-25 00:11:42,204 - INFO - Sector data fetched: 14 sectors
2026-09-25 00:11:42,204 - INFO - Processing data...
2026-09-25 00:11:42,204 - INFO - Created symbol-sector map with 568 entries
2026-09-25 00:11:42,205 - INFO - Created stock map with 541 entries
2026-09-25 00:11:42,205 - INFO - Saving stock map...
2026-09-25 00:11:42,207 - INFO - Stock map saved successfully to stockmap.json
2026-09-25 00:11:42,207 - INFO - Stock map update completed successfully!
2026-09-25 00:11:42,207 - INFO - Update completed successfully!
2026-09-25 12:04:51,738 - INFO - === NEPSE Stock Map Updater ===
2026-09-25 12:04:51,738 - INFO - API URL: http://localhost:8000
2026-09-25 12:04:51,738 - INFO - Target file: stockmap.json
2026-09-25 12:04:51,791 - INFO - Checking API server health...
2026-09-25 12:04:51,818 - INFO - HTTP Request: GET http://localhost:8000/health "HTTP/1.1 200 OK"
2026-09-25 12:04:51,819 - INFO - Fetching security list...
2026-09-25 12:04:54,914 - INFO - HTTP Request: GET http://localhost:8000/SecurityList "HTTP/1.1 200 OK"
2026-09-25 12:04:54,916 - INFO - Security data fetched: 568 items
2026-09-25 12:04:54,916 - INFO - Fetching sector data...
2026-09-25 12:04:58,369 - INFO - HTTP Request: GET http://localhost:8000/SectorScrips "HTTP/1.1 200 OK"
2026-09-25 12:04:58,370 - INFO - Sector data fetched: 14 sectors
2026-09-25 12:04:58,370 - INFO - Processing data...
2026-09-25 12:04:58,370 - INFO - Created symbol-sector map with 568 entries
2026-09-25 12:04:58,371 - INFO - Created stock map with 541 entries
2026-09-25 12:04:58,371 - INFO - Saving stock map...
2026-09-25 12:04:58,373 - INFO - Stock map saved successfully to stockmap.json
2026-09-25 12:04:58,373 - INFO - Stock map update completed successfully!
2026-09-25 12:04:58,373 - INFO - Update completed successfully!
2026-09-26 00:10:15,431 - INFO - === NEPSE Stock Map Updater ===
2026-09-26 00:10:15,431 - INFO - API URL: http://localhost:8000
2026-09-26 00:10:15,431 - INFO - Target file: stockmap.json
2026-09-26 00:10:15,478 - INFO - Checking API server health...
2026-09-26 00:10:15,501 - INFO - HTTP Request: GET http://localhost:8000/health "HTTP/1.1 200 OK"
2026-09-26 00:10:15,502 - INFO - Fetching security list...
2026-09-26 00:10:18,876 - INFO - HTTP Request: GET http://localhost:8000/SecurityList "HTTP/1.1 200 OK"
2026-09-26 00:10:18,877 - INFO - Security data fetched: 568 items
2026-09-26 00:10:18,878 - INFO - Fetching sector data...
2026-09-26 00:10:21,966 - INFO - HTTP Request: GET http://localhost:8000/SectorScrips "HTTP/1.1 200 OK"
2026-09-26 00:10:21,967 - INFO - Sector data fetched: 14 sectors
2026-09-26 00:10:21,967 - INFO - Processing data...
2026-09-26 00:10:21,967 - INFO - Created symbol-sector map with 568 entries
2026-09-26 00:10:21,968 - INFO - Created stock map with 541 entries
2026-09-26 00:10:21,968 - INFO - Saving stock map...
2026-09-26 00:10:22,088 - INFO - Stock map saved successfully to stockmap.json
2026-09-26 00:10:22,088 - INFO - Stock map update completed successfully!
2026-09-26 00:10:22,088 - INFO - Update completed successfully!
2026-09-26 12:04:07,561 - INFO - === NEPSE Stock Map Updater ===
2026-09-26 12:04:07,561 - INFO - API URL: http://localhost:8000
2026-09-26 12:04:07,561 - INFO - Target file: stockmap.json
2026-09-26 12:04:07,610 - INFO - Checking API server health...
2026-09-26 12:04:07,635 - INFO - HTTP Request: GET http://localhost:8000/health "HTTP/1.1 200 OK"
2026-09-26 12:04:07,636 - INFO - Fetching security list...
2026-09-26 12:04:10,468 - INFO - HTTP Request: GET http://localhost:8000/SecurityList "HTTP/1.1 200 OK"
2026-09-26 12:04:10,469 - INFO - Security data fetched: 568 items
2026-09-26 12:04:10,469 - INFO - Fetching sector data...
2026-09-26 12:04:13,044 - INFO - HTTP Request: GET http://localhost:8000/SectorScrips "HTTP/1.1 200 OK"
2026-09-26 12:04:13,044 - INFO - Sector data fetched: 14 sectors
2026-09-26 12:04:13,045 - INFO - Processing data...
2026-09-26 12:04:13,045 - INFO - Created symbol-sector map with 568 entries
2026-09-26 12:04:13,045 - INFO - Created stock map with 541 entries
2026-09-26 12:04:13,045 - INFO - Saving stock map...
2026-09-26 12:04:13,048 - INFO - Stock map saved successfully to stockmap.json
2026-09-26 12:04:13,048 - INFO - Stock map update completed successfully!
2026-09-26 12:04:13,048 - INFO - Update completed successfully!
2026-09-27 00:11:39,049 - INFO - === NEPSE Stock Map Updater ===
2026-09-27 00:11:39,049 - INFO - API URL: http://localhost:8000
2026-09-27 00:11:39,049 - INFO - Target file: stockmap.json
2026-09-27 00:11:39,098 - INFO - Checking API server health...
2026-09-27 00:11:39,124 - INFO - HTTP Request: GET http://localhost:8000/health "HTTP/1.1 200 OK"
2026-09-27 00:11:39,124 - INFO - Fetching security list...
2026-09-27 00:11:42,304 - INFO - HTTP Request: GET http://localhost:8000/SecurityList "HTTP/1.1 200 OK"
2026-09-27 00:11:42,305 - INFO - Security data fetched: 568 items
2026-09-27 00:11:42,305 - INFO - Fetching sector data...
2026-09-27 00:11:45,786 - INFO - HTTP Request: GET http://localhost:8000/SectorScrips "HTTP/1.1 200 OK"
2026-09-27 00:11:45,786 - INFO - Sector data fetched: 14 sectors
2026-09-27 00:11:45,786 - INFO - Processing data...
2026-09-27 00:11:45,787 - INFO - Created symbol-sector map with 568 entries
2026-09-27 00:11:45,787 - INFO - Created stock map with 541 entries
2026-09-27 00:11:45,787 - INFO - Saving stock map...
2026-09-27 00:11:45,989 - INFO - Stock map saved successfully to stockmap.json
2026-09-27 00:11:45,990 - INFO - Stock map update completed successfully!
2026-09-27 00:11:45,990 - INFO - Update completed successfully!
2026-09-27 12:04:35,682 - INFO - === NEPSE Stock Map Updater ===
2026-09-27 12:04:35,682 - INFO - API URL: http://localhost:8000
2026-09-27 12:04:35,682 - INFO - Target file: stockmap.json
2026-09-27 12:04:35,726 - INFO - Checking API server health...
2026-09-27 12:04:35,747 - INFO - HTTP Request: GET http://localhost:8000/health "HTTP/1.1 200 OK"
2026-09-27 12:04:35,748 - INFO - Fetching security list...
2026-09-27 12:04:38,635 - INFO - HTTP Request: GET http://localhost:8000/SecurityList "HTTP/1.1 200 OK"
2026-09-27 12:04:38,636 - INFO - Security data fetched: 568 items
2026-09-27 12:04:38,636 - INFO - Fetching sector data...
2026-09-27 12:04:42,130 - INFO - HTTP Request: GET http://localhost:8000/SectorScrips "HTTP/1.1 200 OK"
2026-09-27 12:04:42,130 - INFO - Sector data fetched: 14 sectors
2026-09-27 12:04:42,130 - INFO - Processing data...
2026-09-27 12:04:42,130 - INFO - Created symbol-sector map with 568 entries
2026-09-27 12:04:42,131 - INFO - Created stock map with 541 entries
2026-09-27 12:04:42,131 - INFO - Saving stock map...
2026-09-27 12:04:42,142 - INFO - Stock map saved successfully to stockmap.json
2026-09-27 12:04:42,142 - INFO - Stock map update completed successfully!
2026-09-27 12:04:42,143 - INFO - Update completed successfully!
2026-09-28 00:12:21,334 - INFO - === NEPSE Stock Map Updater ===
2026-09-28 00:12:21,334 - INFO - API URL: http://localhost:8000
2026-09-28 00:12:21,334 - INFO - Target file: stockmap.json
2026-09-28 00:12:21,383 - INFO - Checking API server health...
2026-09-28 00:12:21,406 - INFO - HTTP Request: GET http://localhost:8000/health "HTTP/1.1 200 OK"
2026-09-28 00:12:21,407 - INFO - Fetching security list...
2026-09-28 00:12:24,179 - INFO - HTTP Request: GET http://localhost:8000/SecurityList "HTTP/1.1 200 OK"
2026-09-28 00:12:24,181 - INFO - Security data fetched: 568 items
2026-09-28 00:12:24,181 - INFO - Fetching sector data...
2026-09-28 00:12:27,673 - INFO - HTTP Request: GET http://localhost:8000/SectorScrips "HTTP/1.1 200 OK"
2026-09-28 00:12:27,673 - INFO - Sector data fetched: 14 sectors
2026-09-28 00:12:27,673 - INFO - Processing data...
2026-09-28 00:12:27,673 - INFO - Created symbol-sector map with 568 entries
2026-09-28 00:12:27,674 - INFO - Created stock map with 541 entries
2026-09-28 00:12:27,674 - INFO - Saving stock map...
2026-09-28 00:12:27,677 - INFO - Stock map saved successfully to stockmap.json
2026-09-28 00:12:27,677 - INFO - Stock map update completed successfully!
2026-09-28 00:12:27,677 - INFO - Update completed successfully!
2026-09-28 12:04:43,149 - INFO - === NEPSE Stock Map Updater ===
2026-09-28 12:04:43,149 - INFO - API URL: http://localhost:8000
2026-09-28 12:04:43,149 - INFO - Target file: stockmap.json
2026-09-28 12:04:43,201 - INFO - Checking API server health...
2026-09-28 12:04:43,229 - INFO - HTTP Request: GET http://localhost:8000/health "HTTP/1.1 200 OK"
2026-09-28 12:04:43,230 - INFO - Fetching security list...
2026-09-28 12:04:46,444 - INFO - HTTP Request: GET http://localhost:8000/SecurityList "HTTP/1.1 200 OK"
2026-09-28 12:04:46,446 - INFO - Security data fetched: 568 items
2026-09-28 12:04:46,446 - INFO - Fetching sector data...
2026-09-28 12:04:49,530 - INFO - HTTP Request: GET http://localhost:8000/SectorScrips "HTTP/1.1 200 OK"
2026-09-28 12:04:49,531 - INFO - Sector data fetched: 14 sectors
2026-09-28 12:04:49,531 - INFO - Processing data...
2026-09-28 12:04:49,531 - INFO - Created symbol-sector map with 568 entries
2026-09-28 12:04:49,532 - INFO - Created stock map with 541 entries
2026-09-28 12:04:49,532 - INFO - Saving stock map...
2026-09-28 12:04:49,534 - INFO - Stock map saved successfully to stockmap.json
2026-09-28 12:04:49,534 - INFO - Stock map update completed successfully!
2026-09-28 12:04:49,535 - INFO - Update completed successfully!
2026-09-29 00:12:07,738 - INFO - === NEPSE Stock Map Updater ===
2026-09-29 00:12:07,739 - INFO - API URL: http://localhost:8000
2026-09-29 00:12:07,739 - INFO - Target file: stockmap.json
2026-09-29 00:12:07,769 - INFO - Checking API server health...
2026-09-29 00:12:07,785 - INFO - HTTP Request: GET http://localhost:8000/health "HTTP/1.1 200 OK"
2026-09-29 00:12:07,786 - INFO - Fetching security list...
2026-09-29 00:12:11,194 - INFO - HTTP Request: GET http://localhost:8000/SecurityList "HTTP/1.1 200 OK"
2026-09-29 00:12:11,196 - INFO - Security data fetched: 568 items
2026-09-29 00:12:11,196 - INFO - Fetching sector data...
2026-09-29 00:12:14,920 - INFO - HTTP Request: GET http://localhost:8000/SectorScrips "HTTP/1.1 200 OK"
2026-09-29 00:12:14,921 - INFO - Sector data fetched: 14 sectors
2026-09-29 00:12:14,921 - INFO - Processing data...
2026-09-29 00:12:14,921 - INFO - Created symbol-sector map with 568 entries
2026-09-29 00:12:14,921 - INFO - Created stock map with 541 entries
2026-09-29 00:12:14,921 - INFO - Saving stock map...
2026-09-29 00:12:14,923 - INFO - Stock map saved successfully to stockmap.json
2026-09-29 00:12:14,923 - INFO - Stock map update completed successfully!
2026-09-29 00:12:14,923 - INFO - Update completed successfully!
2026-09-29 12:05:26,026 - INFO - === NEPSE Stock Map Updater ===
2026-09-29 12:05:26,026 - INFO - API URL: http://localhost:8000
2026-09-29 12:05:26,026 - INFO - Target file: stockmap.json
2026-09-29 12:05:26,076 - INFO - Checking API server health...
2026-09-29 12:05:26,101 - INFO - HTTP Request: GET http://localhost:8000/health "HTTP/1.1 200 OK"
2026-09-29 12:05:26,102 - INFO - Fetching security list...
2026-09-29 12:05:30,511 - INFO - HTTP Request: GET http://localhost:8000/SecurityList "HTTP/1.1 200 OK"
2026-09-29 12:05:30,512 - INFO - Security data fetched: 568 items
2026-09-29 12:05:30,512 - INFO - Fetching sector data...
2026-09-29 12:05:34,139 - INFO - HTTP Request: GET http://localhost:8000/SectorScrips "HTTP/1.1 200 OK"
2026-09-29 12:05:34,140 - INFO - Sector data fetched: 14 sectors
2026-09-29 12:05:34,140 - INFO - Processing data...
2026-09-29 12:05:34,140 - INFO - Created symbol-sector map with 568 entries
2026-09-29 12:05:34,140 - INFO - Created stock map with 541 entries
2026-09-29 12:05:34,140 - INFO - Saving stock map...
2026-09-29 12:05:34,143 - INFO - Stock map saved successfully to stockmap.json
2026-09-29 12:05:34,143 - INFO - Stock map update completed successfully!
2026-09-29 12:05:34,143 - INFO - Update completed successfully!
2026-09-30 00:11:59,225 - INFO - === NEPSE Stock Map Updater ===
2026-09-30 00:11:59,225 - INFO - API URL: http://localhost:8000
2026-09-30 00:11:59,225 - INFO - Target file: stockmap.json
2026-09-30 00:11:59,263 - INFO - Checking API server health...
2026-09-30 00:11:59,281 - INFO - HTTP Request: GET http://localhost:8000/health "HTTP/1.1 200 OK"
2026-09-30 00:11:59,282 - INFO - Fetching security list...
2026-09-30 00:12:02,509 - INFO - HTTP Request: GET http://localhost:8000/SecurityList "HTTP/1.1 200 OK"
2026-09-30 00:12:02,511 - INFO - Security data fetched: 568 items
2026-09-30 00:12:02,511 - INFO - Fetching sector data...
2026-09-30 00:12:05,357 - INFO - HTTP Request: GET http://localhost:8000/SectorScrips "HTTP/1.1 200 OK"
2026-09-30 00:12:05,358 - INFO - Sector data fetched: 14 sectors
2026-09-30 00:12:05,358 - INFO - Processing data...
2026-09-30 00:12:05,358 - INFO - Created symbol-sector map with 568 entries
2026-09-30 00:12:05,358 - INFO - Created stock map with 541 entries
2026-09-30 00:12:05,358 - INFO - Saving stock map...
2026-09-30 00:12:05,360 - INFO - Stock map saved successfully to stockmap.json
2026-09-30 00:12:05,360 - INFO - Stock map update completed successfully!
2026-09-30 00:12:05,360 - INFO - Update completed successfully!
2026-09-30 12:06:07,344 - INFO - === NEPSE Stock Map Updater ===
2026-09-30 12:06:07,344 - INFO - API URL: http://localhost:8000
2026-09-30 12:06:07,344 - INFO - Target file: stockmap.json
2026-09-30 12:06:07,398 - INFO - Checking API server health...
2026-09-30 12:06:07,424 - INFO - HTTP Request: GET http://localhost:8000/health "HTTP/1.1 200 OK"
2026-09-30 12:06:07,425 - INFO - Fetching security list...
2026-09-30 12:06:10,550 - INFO - HTTP Request: GET http://localhost:8000/SecurityList "HTTP/1.1 200 OK"
2026-09-30 12:06:10,551 - INFO - Security data fetched: 568 items
2026-09-30 12:06:10,552 - INFO - Fetching sector data...
2026-09-30 12:06:14,146 - INFO - HTTP Request: GET http://localhost:8000/SectorScrips "HTTP/1.1 200 OK"
2026-09-30 12:06:14,147 - INFO - Sector data fetched: 14 sectors
2026-09-30 12:06:14,147 - INFO - Processing data...
2026-09-30 12:06:14,147 - INFO - Created symbol-sector map with 568 entries
2026-09-30 12:06:14,147 - INFO - Created stock map with 541 entries
2026-09-30 12:06:14,147 - INFO - Saving stock map...
2026-09-30 12:06:14,150 - INFO - Stock map saved successfully to stockmap.json
2026-09-30 12:06:14,150 - INFO - Stock map update completed successfully!
2026-09-30 12:06:14,150 - INFO - Update completed successfully!
2026-10-01 00:12:40,950 - INFO - === NEPSE Stock Map Updater ===
2026-10-01 00:12:40,950 - INFO - API URL: http://localhost:8000
2026-10-01 00:12:40,950 - INFO - Target file: stockmap.json
2026-10-01 00:12:40,996 - INFO - Checking API server health...
2026-10-01 00:12:41,025 - INFO - HTTP Request: GET http://localhost:8000/health "HTTP/1.1 200 OK"
2026-10-01 00:12:41,025 - INFO - Fetching security list...
2026-10-01 00:12:44,504 - INFO - HTTP Request: GET http://localhost:8000/SecurityList "HTTP/1.1 200 OK"
2026-10-01 00:12:44,506 - INFO - Security data fetched: 568 items
2026-10-01 00:12:44,506 - INFO - Fetching sector data...
2026-10-01 00:12:47,835 - INFO - HTTP Request: GET http://localhost:8000/SectorScrips "HTTP/1.1 200 OK"
2026-10-01 00:12:47,836 - INFO - Sector data fetched: 14 sectors
2026-10-01 00:12:47,836 - INFO - Processing data...
2026-10-01 00:12:47,836 - INFO - Created symbol-sector map with 568 entries
2026-10-01 00:12:47,836 - INFO - Created stock map with 541 entries
2026-10-01 00:12:47,836 - INFO - Saving stock map...
2026-10-01 00:12:47,839 - INFO - Stock map saved successfully to stockmap.json
2026-10-01 00:12:47,839 - INFO - Stock map update completed successfully!
2026-10-01 00:12:47,839 - INFO - Update completed successfully!
2026-10-01 12:07:24,883 - INFO - === NEPSE Stock Map Updater ===
2026-10-01 12:07:24,883 - INFO - API URL: http://localhost:8000
2026-10-01 12:07:24,883 - INFO - Target file: stockmap.json
2026-10-01 12:07:24,932 - INFO - Checking API server health...
2026-10-01 12:07:24,965 - INFO - HTTP Request: GET http://localhost:8000/health "HTTP/1.1 200 OK"
2026-10-01 12:07:24,965 - INFO - Fetching security list...
2026-10-01 12:07:28,687 - INFO - HTTP Request: GET http://localhost:8000/SecurityList "HTTP/1.1 200 OK"
2026-10-01 12:07:28,688 - INFO - Security data fetched: 568 items
2026-10-01 12:07:28,688 - INFO - Fetching sector data...
2026-10-01 12:07:31,173 - INFO - HTTP Request: GET http://localhost:8000/SectorScrips "HTTP/1.1 200 OK"
2026-10-01 12:07:31,174 - INFO - Sector data fetched: 14 sectors
2026-10-01 12:07:31,174 - INFO - Processing data...
2026-10-01 12:07:31,174 - INFO - Created symbol-sector map with 568 entries
2026-10-01 12:07:31,174 - INFO - Created stock map with 541 entries
2026-10-01 12:07:31,174 - INFO - Saving stock map...
2026-10-01 12:07:31,177 - INFO - Stock map saved successfully to stockmap.json
2026-10-01 12:07:31,177 - INFO - Stock map update completed successfully!
2026-10-01 12:07:31,177 - INFO - Update completed successfully!
2026-10-02 00:11:58,113 - INFO - === NEPSE Stock Map Updater ===
2026-10-02 00:11:58,113 - INFO - API URL: http://localhost:8000
2026-10-02 00:11:58,113 - INFO - Target file: stockmap.json
2026-10-02 00:11:58,163 - INFO - Checking API server health...
2026-10-02 00:11:58,189 - INFO - HTTP Request: GET http://localhost:8000/health "HTTP/1.1 200 OK"
2026-10-02 00:11:58,189 - INFO - Fetching security list...
2026-10-02 00:12:01,443 - INFO - HTTP Request: GET http://localhost:8000/SecurityList "HTTP/1.1 200 OK"
2026-10-02 00:12:01,444 - INFO - Security data fetched: 568 items
2026-10-02 00:12:01,444 - INFO - Fetching sector data...
2026-10-02 00:12:04,926 - INFO - HTTP Request: GET http://localhost:8000/SectorScrips "HTTP/1.1 200 OK"
2026-10-02 00:12:04,927 - INFO - Sector data fetched: 14 sectors
2026-10-02 00:12:04,927 - INFO - Processing data...
2026-10-02 00:12:04,927 - INFO - Created symbol-sector map with 568 entries
2026-10-02 00:12:04,928 - INFO - Created stock map with 541 entries
2026-10-02 00:12:04,928 - INFO - Saving stock map...
2026-10-02 00:12:04,930 - INFO - Stock map saved successfully to stockmap.json
2026-10-02 00:12:04,930 - INFO - Stock map update completed successfully!
2026-10-02 00:12:04,930 - INFO - Update completed successfully!
2026-10-02 12:05:15,729 - INFO - === NEPSE Stock Map Updater ===
2026-10-02 12:05:15,729 - INFO - API URL: http://localhost:8000
2026-10-02 12:05:15,729 - INFO - Target file: stockmap.json
2026-10-02 12:05:15,782 - INFO - Checking API server health...
2026-10-02 12:05:15,814 - INFO - HTTP Request: GET http://localhost:8000/health "HTTP/1.1 200 OK"
2026-10-02 12:05:15,814 - INFO - Fetching security list...
2026-10-02 12:05:19,179 - INFO - HTTP Request: GET http://localhost:8000/SecurityList "HTTP/1.1 200 OK"
2026-10-02 12:05:19,181 - INFO - Security data fetched: 568 items
2026-10-02 12:05:19,181 - INFO - Fetching sector data...
2026-10-02 12:05:22,509 - INFO - HTTP Request: GET http://localhost:8000/SectorScrips "HTTP/1.1 200 OK"
2026-10-02 12:05:22,509 - INFO - Sector data fetched: 14 sectors
2026-10-02 12:05:22,509 - INFO - Processing data...
2026-10-02 12:05:22,509 - INFO - Created symbol-sector map with 568 entries
2026-10-02 12:05:22,510 - INFO - Created stock map with 541 entries
2026-10-02 12:05:22,510 - INFO - Saving stock map...
2026-10-02 12:05:22,513 - INFO - Stock map saved successfully to stockmap.json
2026-10-02 12:05:22,513 - INFO - Stock map update completed successfully!
2026-10-02 12:05:22,513 - INFO - Update completed successfully!
2026-10-03 00:11:33,264 - INFO - === NEPSE Stock Map Updater ===
2026-10-03 00:11:33,264 - INFO - API URL: http://localhost:8000
2026-10-03 00:11:33,264 - INFO - Target file: stockmap.json
2026-10-03 00:11:33,316 - INFO - Checking API server health...
2026-10-03 00:11:33,357 - INFO - HTTP Request: GET http://localhost:8000/health "HTTP/1.1 200 OK"
2026-10-03 00:11:33,357 - INFO - Fetching security list...
2026-10-03 00:11:36,405 - INFO - HTTP Request: GET http://localhost:8000/SecurityList "HTTP/1.1 200 OK"
2026-10-03 00:11:36,407 - INFO - Security data fetched: 568 items
2026-10-03 00:11:36,407 - INFO - Fetching sector data...
2026-10-03 00:11:39,412 - INFO - HTTP Request: GET http://localhost:8000/SectorScrips "HTTP/1.1 200 OK"
2026-10-03 00:11:39,413 - INFO - Sector data fetched: 14 sectors
2026-10-03 00:11:39,413 - INFO - Processing data...
2026-10-03 00:11:39,413 - INFO - Created symbol-sector map with 568 entries
2026-10-03 00:11:39,414 - INFO - Created stock map with 541 entries
2026-10-03 00:11:39,414 - INFO - Saving stock map...
2026-10-03 00:11:39,416 - INFO - Stock map saved successfully to stockmap.json
2026-10-03 00:11:39,416 - INFO - Stock map update completed successfully!
2026-10-03 00:11:39,417 - INFO - Update completed successfully!
2026-10-03 14:52:14,873 - INFO - === NEPSE Stock Map Updater ===
2026-10-03 14:52:14,873 - INFO - API URL: http://localhost:8000
2026-10-03 14:52:14,874 - INFO - Target file: stockmap.json
2026-10-03 14:52:14,925 - INFO - Checking API server health...
2026-10-03 14:52:14,952 - INFO - HTTP Request: GET http://localhost:8000/health "HTTP/1.1 200 OK"
2026-10-03 14:52:14,952 - INFO - Fetching security list...
2026-10-03 14:52:17,517 - INFO - HTTP Request: GET http://localhost:8000/SecurityList "HTTP/1.1 200 OK"
2026-10-03 14:52:17,518 - INFO - Security data fetched: 568 items
2026-10-03 14:52:17,518 - INFO - Fetching sector data...
2026-10-03 14:52:20,811 - INFO - HTTP Request: GET http://localhost:8000/SectorScrips "HTTP/1.1 200 OK"
2026-10-03 14:52:20,812 - INFO - Sector data fetched: 14 sectors
2026-10-03 14:52:20,812 - INFO - Processing data...
2026-10-03 14:52:20,812 - INFO - Created symbol-sector map with 568 entries
2026-10-03 14:52:20,813 - INFO - Created stock map with 541 entries
2026-10-03 14:52:20,813 - INFO - Saving stock map...
2026-10-03 14:52:20,815 - INFO - Stock map saved successfully to stockmap.json
2026-10-03 14:52:20,815 - INFO - Stock map update completed successfully!
2026-10-03 14:52:20,815 - INFO - Update completed successfully!
2026-10-04 03:06:14,737 - INFO - === NEPSE Stock Map Updater ===
2026-10-04 03:06:14,737 - INFO - API URL: http://localhost:8000
2026-10-04 03:06:14,737 - INFO - Target file: stockmap.json
2026-10-04 03:06:14,788 - INFO - Checking API server health...
2026-10-04 03:06:14,814 - INFO - HTTP Request: GET http://localhost:8000/health "HTTP/1.1 200 OK"
2026-10-04 03:06:14,815 - INFO - Fetching security list...
2026-10-04 03:06:18,256 - INFO - HTTP Request: GET http://localhost:8000/SecurityList "HTTP/1.1 200 OK"
2026-10-04 03:06:18,257 - INFO - Security data fetched: 568 items
2026-10-04 03:06:18,257 - INFO - Fetching sector data...
2026-10-04 03:06:21,985 - INFO - HTTP Request: GET http://localhost:8000/SectorScrips "HTTP/1.1 200 OK"
2026-10-04 03:06:21,986 - INFO - Sector data fetched: 14 sectors
2026-10-04 03:06:21,986 - INFO - Processing data...
2026-10-04 03:06:21,986 - INFO - Created symbol-sector map with 568 entries
2026-10-04 03:06:21,987 - INFO - Created stock map with 541 entries
2026-10-04 03:06:21,987 - INFO - Saving stock map...
2026-10-04 03:06:21,989 - INFO - Stock map saved successfully to stockmap.json
2026-10-04 03:06:21,989 - INFO - Stock map update completed successfully!
2026-10-04 03:06:21,990 - INFO - Update completed successfully!
2026-10-04 18:11:01,858 - INFO - === NEPSE Stock Map Updater ===
2026-10-04 18:11:01,858 - INFO - API URL: http://localhost:8000
2026-10-04 18:11:01,858 - INFO - Target file: stockmap.json
2026-10-04 18:11:01,910 - INFO - Checking API server health...
2026-10-04 18:11:01,935 - INFO - HTTP Request: GET http://localhost:8000/health "HTTP/1.1 200 OK"
2026-10-04 18:11:01,935 - INFO - Fetching security list...
2026-10-04 18:11:05,125 - INFO - HTTP Request: GET http://localhost:8000/SecurityList "HTTP/1.1 200 OK"
2026-10-04 18:11:05,126 - INFO - Security data fetched: 568 items
2026-10-04 18:11:05,126 - INFO - Fetching sector data...
2026-10-04 18:11:08,568 - INFO - HTTP Request: GET http://localhost:8000/SectorScrips "HTTP/1.1 200 OK"
2026-10-04 18:11:08,568 - INFO - Sector data fetched: 14 sectors
2026-10-04 18:11:08,568 - INFO - Processing data...
2026-10-04 18:11:08,569 - INFO - Created symbol-sector map with 568 entries
2026-10-04 18:11:08,569 - INFO - Created stock map with 541 entries
2026-10-04 18:11:08,569 - INFO - Saving stock map...
2026-10-04 18:11:08,571 - INFO - Stock map saved successfully to stockmap.json
2026-10-04 18:11:08,572 - INFO - Stock map update completed successfully!
2026-10-04 18:11:08,572 - INFO - Update completed successfully!
2026-10-05 00:12:40,512 - INFO - === NEPSE Stock Map Updater ===
2026-10-05 00:12:40,512 - INFO - API URL: http://localhost:8000
2026-10-05 00:12:40,512 - INFO - Target file: stockmap.json
2026-10-05 00:12:40,545 - INFO - Checking API server health...
2026-10-05 00:12:40,563 - INFO - HTTP Request: GET http://localhost:8000/health "HTTP/1.1 200 OK"
2026-10-05 00:12:40,563 - INFO - Fetching security list...
2026-10-05 00:12:44,115 - INFO - HTTP Request: GET http://localhost:8000/SecurityList "HTTP/1.1 200 OK"
2026-10-05 00:12:44,116 - INFO - Security data fetched: 568 items
2026-10-05 00:12:44,116 - INFO - Fetching sector data...
2026-10-05 00:12:48,062 - INFO - HTTP Request: GET http://localhost:8000/SectorScrips "HTTP/1.1 200 OK"
2026-10-05 00:12:48,063 - INFO - Sector data fetched: 14 sectors
2026-10-05 00:12:48,063 - INFO - Processing data...
2026-10-05 00:12:48,063 - INFO - Created symbol-sector map with 568 entries
2026-10-05 00:12:48,063 - INFO - Created stock map with 541 entries
2026-10-05 00:12:48,063 - INFO - Saving stock map...
2026-10-05 00:12:48,065 - INFO - Stock map saved successfully to stockmap.json
2026-10-05 00:12:48,065 - INFO - Stock map update completed successfully!
2026-10-05 00:12:48,065 - INFO - Update completed successfully!
